First:
     1: line1
     2: line2
Second:
     1: line1
     2: line2
